app/(tabs)/home/[storeName].tsx(19,15): error TS2607: JSX element class does not support attributes because it does not have a 'props' property.
app/(tabs)/home/[storeName].tsx(19,16): error TS2786: 'Image' cannot be used as a JSX component.
  Its type 'new (width?: number | undefined, height?: number | undefined) => HTMLImageElement' is not a valid JSX element type.
    Type 'new (width?: number | undefined, height?: number | undefined) => HTMLImageElement' is not assignable to type 'new (props: any, context: any) => Component<any, any, any>'.
      Type 'HTMLImageElement' is missing the following properties from type 'Component<any, any, any>': context, setState, forceUpdate, render, and 2 more.
app/modal.tsx(9,13): error TS2322: Type '"/"' is not assignable to type 'RelativePathString | ExternalPathString | "/modal" | `/modal?${string}` | `/modal#${string}` | "/_sitemap" | `/_sitemap?${string}` | `/_sitemap#${string}` | "/(tabs)/around" | ... 58 more ... | { ...; }'.
components/navigation/MaterialTopTabs.tsx(5,8): error TS2307: Cannot find module '@react-navigation/material-top-tabs' or its corresponding type declarations.
